{"errors":[{"message":"The field \u0060not_existing_field\u0060 does not exist on the type \u0060GQL_User\u0060.","locations":[{"line":3,"column":23}],"path":["me"],"extensions":{"type":"GQL_User","field":"not_existing_field","responseName":"not_existing_field","specifiedBy":"http://spec.graphql.org/October2021/#sec-Field-Selections-on-Objects-Interfaces-and-Unions-Types"}}]}
